--------------------------------------------------------------------------------------
Timing Analyzer Summary
--------------------------------------------------------------------------------------

Type           : Worst-case tsu
Slack          : N/A
Required Time  : None
Actual Time    : 11.388 ns
From           : data_bus[2]
To             : exe_unit:inst1|reg:inst2|reg_bank[8][2]
From Clock     : 
To Clock       : clk
Failed Paths   : 0

Type           : Worst-case tco
Slack          : N/A
Required Time  : None
Actual Time    : 26.176 ns
From           : mem_unit:inst3|tmp[8]
To             : addr_bus[7]
From Clock     : clk
To Clock       : 
Failed Paths   : 0

Type           : Worst-case tpd
Slack          : N/A
Required Time  : None
Actual Time    : 24.060 ns
From           : reg_sel[1]
To             : debug_out[10]
From Clock     : 
To Clock       : 
Failed Paths   : 0

Type           : Worst-case th
Slack          : N/A
Required Time  : None
Actual Time    : -3.723 ns
From           : data_bus[12]
To             : mem_unit:inst3|tmp[12]
From Clock     : 
To Clock       : clk
Failed Paths   : 0

Type           : Clock Setup: 'clk'
Slack          : N/A
Required Time  : None
Actual Time    : 41.59 MHz ( period = 24.042 ns )
From           : exe_unit:inst1|reg:inst2|reg_bank[8][3]
To             : exe_unit:inst1|reg:inst2|reg_bank[4][5]
From Clock     : clk
To Clock       : clk
Failed Paths   : 0

Type           : Total number of failed paths
Slack          : 
Required Time  : 
Actual Time    : 
From           : 
To             : 
From Clock     : 
To Clock       : 
Failed Paths   : 0

--------------------------------------------------------------------------------------

